digraph Leak_DefinitelyLost {
rankdir=LR
"<undefined 2>"
"oper..\nvg_replace_malloc.c:255"
ROOT
"<undefined 3>" [color=lightblue, style=filled]
"<undefined 2>" -> "<undefined 3>" [label=410]
"oper..\nvg_replace_malloc.c:255" -> "<undefined 2>" [label=410]
ROOT -> "oper..\nvg_replace_malloc.c:255" [label=410]
}
