digraph Leak_DefinitelyLost {
rankdir=LR
ROOT
"operator new(unsigned int)"
"<undefined 2>"
"<undefined 3>"
"nmap_mass_rdns(Target**, int)"
"nexthost(HostGroupState*, TargetGroup*, scan_lists.."
"nmap_main(int, char**)"
"main" [color=lightblue, style=filled]
"malloc"
"safe_malloc"
"nss_parse_service_list"
"__nss_database_lookup"
"<undefined 4>"
"<undefined 5>"
"getpwuid_r@@GLIBC_2.1.2"
"getpwuid"
"nmap_fetchfile(char*, int, char const*)"
"NmapOps::Initialize()"
"NmapOps::NmapOps()"
"<undefined 6>"
"<undefined 7>" [color=lightblue, style=filled]
"<undefined 8>"
"<undefined 9>"
"<undefined 10>"
"UltraScanInfo::Init(std::vector, scan_lists*, styp.." [color=red, style=filled]
"ultra_scan(std::vector, scan_lists*, stype, timeou.." [color=red, style=filled]
ROOT -> "operator new(unsigned int)" [label=2162, color=red]
"operator new(unsigned int)" -> "<undefined 2>" [label=41]
"<undefined 2>" -> "<undefined 3>" [label=41]
"<undefined 3>" -> "nmap_mass_rdns(Target**, int)" [label=41]
"nmap_mass_rdns(Target**, int)" -> "nexthost(HostGroupState*, TargetGroup*, scan_lists.." [label=227]
"nexthost(HostGroupState*, TargetGroup*, scan_lists.." -> "nmap_main(int, char**)" [label=447, color=red]
"nmap_main(int, char**)" -> "main" [label=2207, color=red]
ROOT -> "malloc" [label=205, color=red]
"malloc" -> "safe_malloc" [label=45, color=red]
"safe_malloc" -> "nmap_main(int, char**)" [label=45, color=red]
"malloc" -> "nss_parse_service_list" [label=160]
"nss_parse_service_list" -> "__nss_database_lookup" [label=160]
"__nss_database_lookup" -> "<undefined 4>" [label=160]
"<undefined 4>" -> "<undefined 5>" [label=160]
"<undefined 5>" -> "getpwuid_r@@GLIBC_2.1.2" [label=160]
"getpwuid_r@@GLIBC_2.1.2" -> "getpwuid" [label=160]
"getpwuid" -> "nmap_fetchfile(char*, int, char const*)" [label=160]
"nmap_fetchfile(char*, int, char const*)" -> "NmapOps::Initialize()" [label=160]
"NmapOps::Initialize()" -> "NmapOps::NmapOps()" [label=160]
"NmapOps::NmapOps()" -> "<undefined 6>" [label=160]
"<undefined 6>" -> "<undefined 7>" [label=160]
"operator new(unsigned int)" -> "<undefined 8>" [label=186]
"<undefined 8>" -> "<undefined 9>" [label=186]
"<undefined 9>" -> "<undefined 10>" [label=186]
"<undefined 10>" -> "nmap_mass_rdns(Target**, int)" [label=186]
"operator new(unsigned int)" -> "UltraScanInfo::Init(std::vector, scan_lists*, styp.." [label=1935, color=red]
"UltraScanInfo::Init(std::vector, scan_lists*, styp.." -> "ultra_scan(std::vector, scan_lists*, stype, timeou.." [label=1935, color=red]
"ultra_scan(std::vector, scan_lists*, stype, timeou.." -> "nexthost(HostGroupState*, TargetGroup*, scan_lists.." [label=220, color=red]
"ultra_scan(std::vector, scan_lists*, stype, timeou.." -> "nmap_main(int, char**)" [label=1715, color=red]
}
